14:47:53 **** Incremental Build of configuration Debug for project BDC_test ****
make -j8 all 
arm-none-eabi-gcc "../Core/Src/main.c" -mcpu=cortex-m3 -std=gnu11 -g3 -DSTM32F103xE -DUSE_HAL_DRIVER -DDEBUG -c -I../Drivers/CMSIS/Device/ST/STM32F1xx/Include -I../Drivers/CMSIS/Include -I../Core/Inc -I../Drivers/STM32F1xx_HAL_Driver/Inc/Legacy -I../Drivers/STM32F1xx_HAL_Driver/Inc -O0 -ffunction-sections -fdata-sections -Wall -fstack-usage -MMD -MP -MF"Core/Src/main.d" -MT"Core/Src/main.o" --specs=nano.specs -mfloat-abi=soft -mthumb -o "Core/Src/main.o"
arm-none-eabi-gcc -o "BDC_test.elf" @"objects.list"   -mcpu=cortex-m3 -T"C:\Users\Dell\Documents\STM32CubeIDE\Testing\BDC_test\STM32F103VETX_FLASH.ld" --specs=nosys.specs -Wl,-Map="BDC_test.map" -Wl,--gc-sections -static --specs=nano.specs -mfloat-abi=soft -mthumb -Wl,--start-group -lc -lm -Wl,--end-group
Finished building target: BDC_test.elf
 
arm-none-eabi-objdump -h -S  BDC_test.elf  > "BDC_test.list"
arm-none-eabi-objcopy  -O binary  BDC_test.elf  "BDC_test.bin"
arm-none-eabi-size   BDC_test.elf 
   text	   data	    bss	    dec	    hex	filename
   5376	     20	   1572	   6968	   1b38	BDC_test.elf
Finished building: default.size.stdout
 
Finished building: BDC_test.bin
Finished building: BDC_test.list
 
 

14:47:56 Build Finished. 0 errors, 0 warnings. (took 2s.885ms)

