19:37:35 **** Build of configuration Debug for project Tempomat_2 ****
make -j8 all 
arm-none-eabi-gcc "../Src/main.c" -mcpu=cortex-m3 -std=gnu11 -g3 -DUSE_HAL_DRIVER -DSTM32F103xB -DDEBUG -c -I../Inc -I../Drivers/CMSIS/Device/ST/STM32F1xx/Include -I../Drivers/CMSIS/Include -I../Drivers/STM32F1xx_HAL_Driver/Inc/Legacy -I../Drivers/STM32F1xx_HAL_Driver/Inc -O0 -ffunction-sections -fdata-sections -Wall -fstack-usage -MMD -MP -MF"Src/main.d" -MT"Src/main.o" --specs=nano.specs -mfloat-abi=soft -mthumb -o "Src/main.o"
arm-none-eabi-gcc -o "Tempomat_2.elf" @"objects.list"   -mcpu=cortex-m3 -T"C:\Users\Dell\Documents\STM32CubeIDE\Zuk\Tempomat_2\STM32F103C8TX_FLASH.ld" --specs=nosys.specs -Wl,-Map="Tempomat_2.map" -Wl,--gc-sections -static --specs=nano.specs -mfloat-abi=soft -mthumb -Wl,--start-group -lc -lm -Wl,--end-group
Finished building target: Tempomat_2.elf
 
arm-none-eabi-objdump -h -S  Tempomat_2.elf  > "Tempomat_2.list"
arm-none-eabi-size   Tempomat_2.elf 
arm-none-eabi-objcopy  -O binary  Tempomat_2.elf  "Tempomat_2.bin"
   text	   data	    bss	    dec	    hex	filename
  15772	     24	   1984	  17780	   4574	Tempomat_2.elf
Finished building: default.size.stdout
 
Finished building: Tempomat_2.bin
 
Finished building: Tempomat_2.list
 

19:37:40 Build Finished. 0 errors, 0 warnings. (took 5s.118ms)

